[themewagon.github.io/restoran/index.html]
[backblue.gif]
[fade.gif]
[index.html]
[themewagon.github.io/restoran/img/favicon.ico]
[cdnjs.cloudflare.com/ajax/libs/font-awesome/5.10.0/css/all.min.css]
[cdn.jsdelivr.net/npm/bootstrap-icons@1.4.1/font/bootstrap-icons.css]
[themewagon.github.io/restoran/lib/animate/animate.min.css]
[themewagon.github.io/restoran/lib/owlcarousel/assets/owl.carousel.min.css]
[themewagon.github.io/restoran/lib/tempusdominus/css/tempusdominus-bootstrap-4.min.css]
[themewagon.github.io/restoran/css/bootstrap.min.css]
[themewagon.github.io/restoran/css/style.css]
[themewagon.github.io/restoran/index-2.html]
[themewagon.github.io/restoran/about.html]
[themewagon.github.io/restoran/service.html]
[themewagon.github.io/restoran/menu.html]
[themewagon.github.io/restoran/booking.html]
[themewagon.github.io/restoran/team.html]
[themewagon.github.io/restoran/testimonial.html]
[themewagon.github.io/restoran/contact.html]
[themewagon.github.io/restoran/img/hero.png]
[themewagon.github.io/restoran/img/about-1.jpg]
[themewagon.github.io/restoran/img/about-2.jpg]
[themewagon.github.io/restoran/img/about-3.jpg]
[themewagon.github.io/restoran/img/about-4.jpg]
[themewagon.github.io/restoran/img/menu-1.jpg]
[themewagon.github.io/restoran/img/menu-2.jpg]
[themewagon.github.io/restoran/img/menu-3.jpg]
[themewagon.github.io/restoran/img/menu-4.jpg]
[themewagon.github.io/restoran/img/menu-5.jpg]
[themewagon.github.io/restoran/img/menu-6.jpg]
[themewagon.github.io/restoran/img/menu-7.jpg]
[themewagon.github.io/restoran/img/menu-8.jpg]
[themewagon.github.io/restoran/img/team-1.jpg]
[themewagon.github.io/restoran/img/team-2.jpg]
[themewagon.github.io/restoran/img/team-3.jpg]
[themewagon.github.io/restoran/img/team-4.jpg]
[themewagon.github.io/restoran/img/testimonial-1.jpg]
[themewagon.github.io/restoran/img/testimonial-2.jpg]
[themewagon.github.io/restoran/img/testimonial-3.jpg]
[themewagon.github.io/restoran/img/testimonial-4.jpg]
[code.jquery.com/jquery-3.4.1.min.js]
[cdn.jsdelivr.net/npm/bootstrap@5.0.0/dist/js/bootstrap.bundle.min.js]
[themewagon.github.io/restoran/lib/wow/wow.min.js]
[themewagon.github.io/restoran/lib/easing/easing.min.js]
[themewagon.github.io/restoran/lib/waypoints/waypoints.min.js]
[themewagon.github.io/restoran/lib/counterup/counterup.min.js]
[themewagon.github.io/restoran/lib/owlcarousel/owl.carousel.min.js]
[themewagon.github.io/restoran/lib/tempusdominus/js/moment.min.js]
[themewagon.github.io/restoran/lib/tempusdominus/js/moment-timezone.min.js]
[themewagon.github.io/restoran/lib/tempusdominus/js/tempusdominus-bootstrap-4.min.js]
[themewagon.github.io/restoran/js/main.js]
[themewagon.github.io/restoran/index.html]
[themewagon.github.io/restoran/img/favicon.html]
[cdnjs.cloudflare.com/ajax/libs/font-awesome/5.10.0/css/all.min.css]
[cdn.jsdelivr.net/npm/bootstrap-icons@1.4.1/font/fonts/bootstrap-iconsfb95.woff2]
[cdn.jsdelivr.net/npm/bootstrap-icons@1.4.1/font/fonts/bootstrap-iconsfb95.woff]
[cdn.jsdelivr.net/npm/bootstrap-icons@1.4.1/font/bootstrap-icons.css]
[themewagon.github.io/restoran/lib/animate/animate.min.css]
[themewagon.github.io/restoran/lib/owlcarousel/assets/owl.video.play.png]
[themewagon.github.io/restoran/lib/owlcarousel/assets/owl.carousel.min.css]
[themewagon.github.io/restoran/lib/tempusdominus/css/tempusdominus-bootstrap-4.min.css]
[themewagon.github.io/restoran/css/bootstrap.min.css]
[themewagon.github.io/restoran/img/bg-hero.jpg]
[themewagon.github.io/restoran/img/video.jpg]
[themewagon.github.io/restoran/css/style.css]
[themewagon.github.io/restoran/index-2.html]
[themewagon.github.io/restoran/about.html]
[themewagon.github.io/restoran/service.html]
[themewagon.github.io/restoran/menu.html]
[themewagon.github.io/restoran/booking.html]
[themewagon.github.io/restoran/team.html]
[themewagon.github.io/restoran/testimonial.html]
[themewagon.github.io/restoran/contact.html]
